21:57:04 **** Incremental Build of configuration Debug for project TIMER7_INTERRUPT ****
make -j8 all 
arm-none-eabi-gcc "../Core/Src/gpio.c" -mcpu=cortex-m4 -std=gnu11 -g3 -DDEBUG -DUSE_HAL_DRIVER -DSTM32F407xx -c -I../Core/Inc -I../Drivers/STM32F4xx_HAL_Driver/Inc -I../Drivers/STM32F4xx_HAL_Driver/Inc/Legacy -I../Drivers/CMSIS/Device/ST/STM32F4xx/Include -I../Drivers/CMSIS/Include -O0 -ffunction-sections -fdata-sections -Wall -fstack-usage -fcyclomatic-complexity -MMD -MP -MF"Core/Src/gpio.d" -MT"Core/Src/gpio.o" --specs=nano.specs -mfpu=fpv4-sp-d16 -mfloat-abi=hard -mthumb -o "Core/Src/gpio.o"
arm-none-eabi-gcc -o "TIMER7_INTERRUPT.elf" @"objects.list"   -mcpu=cortex-m4 -T"C:\Users\Berk\Documents\Programming\stm32f407g\TIMER7_INTERRUPT\STM32F407VGTX_FLASH.ld" --specs=nosys.specs -Wl,-Map="TIMER7_INTERRUPT.map" -Wl,--gc-sections -static --specs=nano.specs -mfpu=fpv4-sp-d16 -mfloat-abi=hard -mthumb -Wl,--start-group -lc -lm -Wl,--end-group
Finished building target: TIMER7_INTERRUPT.elf
 
arm-none-eabi-size  TIMER7_INTERRUPT.elf 
arm-none-eabi-objdump -h -S TIMER7_INTERRUPT.elf  > "TIMER7_INTERRUPT.list"
   text	   data	    bss	    dec	    hex	filename
   7828	     20	   1644	   9492	   2514	TIMER7_INTERRUPT.elf
Finished building: default.size.stdout
 
Finished building: TIMER7_INTERRUPT.list
 

21:57:05 Build Finished. 0 errors, 0 warnings. (took 1s.133ms)

